// Jest Snapshot v1, https://goo.gl/fbAQLP

exports[`RegisterScreen renders correctly and matches snapshot 1`] = `
<View
  style={
    [
      {
        "backgroundColor": "#ffffff",
      },
      {
        "flex": 1,
        "gap": 32,
        "justifyContent": "center",
        "padding": 20,
      },
    ]
  }
>
  <View
    style={
      [
        {
          "backgroundColor": "#ffffff",
        },
        {
          "gap": 8,
        },
      ]
    }
  >
    <View
      style={
        [
          {
            "backgroundColor": "#ffffff",
          },
          [
            {
              "alignItems": "center",
              "flexDirection": "row",
              "height": 50,
              "justifyContent": "center",
            },
            undefined,
          ],
        ]
      }
    >
      <Image
        source={1}
        style={
          [
            {
              "tintColor": "#5B2D8B",
            },
          ]
        }
      />
    </View>
    <Text
      style={
        [
          {
            "color": "#141018",
          },
          {
            "fontSize": 16,
            "fontWeight": 500,
            "lineHeight": 24,
          },
          false,
          false,
          false,
          false,
          false,
          false,
          false,
          {
            "fontSize": 32,
            "fontWeight": "bold",
            "textAlign": "center",
          },
        ]
      }
    >
      Registro
    </Text>
    <Text
      style={
        [
          {
            "color": "#141018",
          },
          {
            "fontSize": 16,
            "fontWeight": 500,
            "lineHeight": 24,
          },
          false,
          false,
          false,
          false,
          false,
          false,
          false,
          {
            "color": "#725C8A",
            "fontSize": 16,
            "fontWeight": "regular",
            "textAlign": "center",
          },
        ]
      }
    >
      Ingresa tus credenciales para crear tu cuenta
    </Text>
  </View>
  <View
    style={
      [
        {
          "backgroundColor": "#ffffff",
        },
        undefined,
      ]
    }
  >
    <View
      style={
        [
          {
            "backgroundColor": "#ffffff",
          },
          undefined,
        ]
      }
    >
      <View
        style={
          [
            {
              "backgroundColor": "#ffffff",
            },
            {
              "flexDirection": "row",
              "justifyContent": "space-between",
            },
          ]
        }
      >
        <Text
          style={
            [
              {
                "color": "#141018",
              },
              {
                "fontSize": 16,
                "fontWeight": 500,
                "lineHeight": 24,
              },
              false,
              false,
              false,
              false,
              false,
              false,
              false,
              {
                "color": "#141018",
                "fontSize": 14,
                "fontWeight": 500,
              },
            ]
          }
        >
          Correo electrónico
        </Text>
      </View>
      <View
        style={
          [
            {
              "backgroundColor": "#F0F0F3",
            },
            [
              {
                "alignItems": "center",
                "backgroundColor": undefined,
                "borderColor": "#DBD4E2",
                "borderRadius": 8,
                "borderWidth": 1,
                "flexDirection": "row",
                "height": 50,
                "marginBottom": 24,
                "paddingLeft": 16,
                "paddingRight": 4,
              },
              undefined,
              false,
            ],
          ]
        }
      >
        <TextInput
          autoCapitalize="none"
          autoCorrect={false}
          editable={true}
          keyboardType="email-address"
          onChangeText={[Function]}
          placeholder="ejemplo@correo.com"
          placeholderTextColor="#9E8BAC"
          secureTextEntry={false}
          style={
            [
              {
                "flex": 1,
                "fontSize": 16,
                "height": "100%",
                "paddingVertical": 0,
              },
              {
                "color": "#141018",
                "fontFamily": "System",
              },
            ]
          }
          testID="email-input"
          value=""
        />
        <Image
          source={1}
          style={
            [
              {
                "alignItems": "center",
                "justifyContent": "center",
                "margin": 8,
              },
              {
                "tintColor": "#9E8BAC",
              },
            ]
          }
        />
      </View>
    </View>
    <View
      style={
        [
          {
            "backgroundColor": "#ffffff",
          },
          undefined,
        ]
      }
    >
      <View
        style={
          [
            {
              "backgroundColor": "#ffffff",
            },
            {
              "flexDirection": "row",
              "justifyContent": "space-between",
            },
          ]
        }
      >
        <Text
          style={
            [
              {
                "color": "#141018",
              },
              {
                "fontSize": 16,
                "fontWeight": 500,
                "lineHeight": 24,
              },
              false,
              false,
              false,
              false,
              false,
              false,
              false,
              {
                "color": "#141018",
                "fontSize": 14,
                "fontWeight": 500,
              },
            ]
          }
        >
          Contraseña
        </Text>
      </View>
      <View
        style={
          [
            {
              "backgroundColor": "#F0F0F3",
            },
            [
              {
                "alignItems": "center",
                "backgroundColor": undefined,
                "borderColor": "#DBD4E2",
                "borderRadius": 8,
                "borderWidth": 1,
                "flexDirection": "row",
                "height": 50,
                "marginBottom": 24,
                "paddingLeft": 16,
                "paddingRight": 4,
              },
              undefined,
              false,
            ],
          ]
        }
      >
        <TextInput
          editable={true}
          onChangeText={[Function]}
          placeholder="Mínimo 6 caracteres"
          placeholderTextColor="#9E8BAC"
          secureTextEntry={true}
          style={
            [
              {
                "flex": 1,
                "fontSize": 16,
                "height": "100%",
                "paddingVertical": 0,
              },
              {
                "color": "#141018",
                "fontFamily": "System",
              },
            ]
          }
          testID="password-input"
          value=""
        />
        <View
          accessibilityState={
            {
              "busy": undefined,
              "checked": undefined,
              "disabled": undefined,
              "expanded": undefined,
              "selected": undefined,
            }
          }
          accessibilityValue={
            {
              "max": undefined,
              "min": undefined,
              "now": undefined,
              "text": undefined,
            }
          }
          accessible={true}
          collapsable={false}
          focusable={true}
          onBlur={[Function]}
          onClick={[Function]}
          onFocus={[Function]}
          onResponderGrant={[Function]}
          onResponderMove={[Function]}
          onResponderRelease={[Function]}
          onResponderTerminate={[Function]}
          onResponderTerminationRequest={[Function]}
          onStartShouldSetResponder={[Function]}
          style={
            [
              {
                "alignItems": "center",
                "justifyContent": "center",
                "padding": 8,
              },
              false,
            ]
          }
        >
          <Image
            source={1}
            style={
              [
                {
                  "tintColor": "#9E8BAC",
                },
              ]
            }
          />
        </View>
      </View>
    </View>
    <View
      style={
        [
          {
            "backgroundColor": "#ffffff",
          },
          undefined,
        ]
      }
    >
      <View
        style={
          [
            {
              "backgroundColor": "#ffffff",
            },
            {
              "flexDirection": "row",
              "justifyContent": "space-between",
            },
          ]
        }
      >
        <Text
          style={
            [
              {
                "color": "#141018",
              },
              {
                "fontSize": 16,
                "fontWeight": 500,
                "lineHeight": 24,
              },
              false,
              false,
              false,
              false,
              false,
              false,
              false,
              {
                "color": "#141018",
                "fontSize": 14,
                "fontWeight": 500,
              },
            ]
          }
        >
          Confirmar Contraseña
        </Text>
      </View>
      <View
        style={
          [
            {
              "backgroundColor": "#F0F0F3",
            },
            [
              {
                "alignItems": "center",
                "backgroundColor": undefined,
                "borderColor": "#DBD4E2",
                "borderRadius": 8,
                "borderWidth": 1,
                "flexDirection": "row",
                "height": 50,
                "marginBottom": 24,
                "paddingLeft": 16,
                "paddingRight": 4,
              },
              undefined,
              false,
            ],
          ]
        }
      >
        <TextInput
          editable={true}
          onChangeText={[Function]}
          placeholder="Vuelve a escribir la contraseña"
          placeholderTextColor="#9E8BAC"
          secureTextEntry={true}
          style={
            [
              {
                "flex": 1,
                "fontSize": 16,
                "height": "100%",
                "paddingVertical": 0,
              },
              {
                "color": "#141018",
                "fontFamily": "System",
              },
            ]
          }
          testID="confirm-password-input"
          value=""
        />
        <View
          accessibilityState={
            {
              "busy": undefined,
              "checked": undefined,
              "disabled": undefined,
              "expanded": undefined,
              "selected": undefined,
            }
          }
          accessibilityValue={
            {
              "max": undefined,
              "min": undefined,
              "now": undefined,
              "text": undefined,
            }
          }
          accessible={true}
          collapsable={false}
          focusable={true}
          onBlur={[Function]}
          onClick={[Function]}
          onFocus={[Function]}
          onResponderGrant={[Function]}
          onResponderMove={[Function]}
          onResponderRelease={[Function]}
          onResponderTerminate={[Function]}
          onResponderTerminationRequest={[Function]}
          onStartShouldSetResponder={[Function]}
          style={
            [
              {
                "alignItems": "center",
                "justifyContent": "center",
                "padding": 8,
              },
              false,
            ]
          }
        >
          <Image
            source={1}
            style={
              [
                {
                  "tintColor": "#9E8BAC",
                },
              ]
            }
          />
        </View>
      </View>
    </View>
    <View
      accessibilityState={
        {
          "busy": undefined,
          "checked": undefined,
          "disabled": false,
          "expanded": undefined,
          "selected": undefined,
        }
      }
      accessibilityValue={
        {
          "max": undefined,
          "min": undefined,
          "now": undefined,
          "text": undefined,
        }
      }
      accessible={true}
      collapsable={false}
      focusable={true}
      onBlur={[Function]}
      onClick={[Function]}
      onFocus={[Function]}
      onResponderGrant={[Function]}
      onResponderMove={[Function]}
      onResponderRelease={[Function]}
      onResponderTerminate={[Function]}
      onResponderTerminationRequest={[Function]}
      onStartShouldSetResponder={[Function]}
      style={
        [
          {
            "alignItems": "center",
            "backgroundColor": "#5B2D8B",
            "borderRadius": 8,
            "height": 48,
            "justifyContent": "center",
            "marginBottom": 16,
            "marginTop": 8,
          },
          false,
        ]
      }
      testID="signIn-button"
    >
      <Text
        style={
          [
            {
              "color": "#141018",
            },
            {
              "fontSize": 16,
              "fontWeight": 500,
              "lineHeight": 24,
            },
            false,
            false,
            false,
            false,
            false,
            false,
            false,
            {
              "color": "#ffffff",
              "fontSize": 16,
              "fontWeight": "600",
            },
          ]
        }
      >
        Registrarse
      </Text>
    </View>
  </View>
  <View
    style={
      [
        {
          "backgroundColor": "#ffffff",
        },
        {
          "alignItems": "center",
          "flexDirection": "row",
          "gap": 8,
          "justifyContent": "center",
        },
      ]
    }
  >
    <Text
      style={
        [
          {
            "color": "#141018",
          },
          {
            "fontSize": 16,
            "fontWeight": 500,
            "lineHeight": 24,
          },
          false,
          false,
          false,
          false,
          false,
          false,
          false,
          {
            "color": "#725C8A",
            "fontSize": 14,
            "fontWeight": "regular",
            "textAlign": "center",
          },
        ]
      }
    >
      ¿Ya tienes cuenta?
    </Text>
    <Text
      onPress={[Function]}
      style={
        [
          {
            "color": "#141018",
          },
          {
            "fontSize": 16,
            "fontWeight": 500,
            "lineHeight": 24,
          },
          false,
          false,
          false,
          false,
          false,
          false,
          false,
          {
            "color": "#5B2D8B",
            "fontSize": 14,
            "fontWeight": "bold",
          },
        ]
      }
    >
      Iniciar sesión
    </Text>
  </View>
</View>
`;
